{
  "elapsed_seconds": 0.4692,
  "rebuilt": [],
  "skipped": [
    "avocado",
    "banana",
    "broccoli",
    "coffee",
    "fallback-drinks",
    "fallback-grains",
    "fallback-produce",
    "fallback-protein",
    "fried-egg",
    "grilled-chicken",
    "jasmine-rice",
    "mango",
    "orange",
    "salmon",
    "stir-fried-noodles",
    "toast",
    "vegetable-soup"
  ],
  "count": 17,
  "renderer": "rsvg-convert version 2.62.3\n\nlibraries used:\n  cairo 1.18.4\n  pango 1.58.0\n  harfbuzz 14.3.0\n  fontconfig 2.18.2"
}
All 17 entries at exact 64px and 40px in both themes
Contact sheets and approved-reference comparison refreshed
{
  "status": "PASS",
  "assets": 17,
  "foods": 13,
  "fallbacks": 4,
  "editable_masters": 34,
  "transparent_pngs": 102,
  "sizes": [
    64,
    192,
    512
  ],
  "checks": [
    "IDs, aliases, required categories",
    "catalog/source parity and provenance",
    "complete unique paths and no unexpected exports",
    "XML, restricted palette, no embedded images/scripts",
    "RGBA, dimensions, nonblank silhouettes, alpha padding",
    "gallery local links and honest fixture labeling",
    "no transient files"
  ]
}
