{
  "status": "PASS",
  "raw_exit": 0,
  "checks": [
    {
      "name": "clean-room-byte-reproduction",
      "status": "PASS",
      "raw_exit": 0,
      "seconds": 0.17386383295524865,
      "detail": {
        "identical_outputs": 144,
        "rebuilt": [
          "avocado",
          "banana",
          "broccoli",
          "coffee",
          "fallback-drinks",
          "fallback-grains",
          "fallback-neutral",
          "fallback-produce",
          "fallback-protein",
          "fried-egg",
          "grilled-chicken",
          "jasmine-rice",
          "mango",
          "orange",
          "salmon",
          "stir-fried-noodles",
          "toast",
          "vegetable-soup"
        ]
      }
    },
    {
      "name": "no-op-preserves-every-export-hash-and-mtime",
      "status": "PASS",
      "raw_exit": 0,
      "seconds": 0.02734204102307558,
      "detail": {
        "untouched_outputs": 144,
        "elapsed_seconds": 0.145308
      }
    },
    {
      "name": "single-source-real-pixel-change-rebuilds-one-id",
      "status": "PASS",
      "raw_exit": 0,
      "seconds": 0.001135417027398944,
      "detail": {
        "untouched_peer_outputs": 136,
        "changed_owner_outputs": 8,
        "elapsed_seconds": 3.599705
      }
    },
    {
      "name": "restored-source-restores-original-bytes",
      "status": "PASS",
      "raw_exit": 0,
      "seconds": 0.19276895793154836,
      "detail": {
        "identical_outputs": 144,
        "rebuilt": [
          "banana"
        ]
      }
    },
    {
      "name": "missing-png-rebuilds-only-owner",
      "status": "PASS",
      "raw_exit": 0,
      "seconds": 0.12392116710543633,
      "detail": {
        "restored_outputs": 144,
        "untouched_peer_outputs": 136,
        "elapsed_seconds": 11.837865
      }
    },
    {
      "name": "tampered-png-rejected-before-repair",
      "status": "PASS",
      "raw_exit": 0,
      "seconds": 0.11293983296491206,
      "detail": {
        "rejected": true,
        "reason": "padding/clipping: banana-night-192.png/(0, 0, 158, 156)"
      }
    },
    {
      "name": "tampered-png-repaired-with-peer-mtimes-intact",
      "status": "PASS",
      "raw_exit": 0,
      "seconds": 0.04604279203340411,
      "detail": {
        "restored_outputs": 144,
        "untouched_peer_outputs": 136,
        "elapsed_seconds": 4.117544
      }
    },
    {
      "name": "reject-external-image",
      "status": "PASS",
      "raw_exit": 0,
      "seconds": 0.021976708085276186,
      "detail": {
        "rejected": true,
        "reason": "unsafe SVG element: image"
      }
    },
    {
      "name": "reject-unapproved-fill",
      "status": "PASS",
      "raw_exit": 0,
      "seconds": 0.0003050409723073244,
      "detail": {
        "rejected": true,
        "reason": "unapproved palette"
      }
    },
    {
      "name": "reject-unresolved-token",
      "status": "PASS",
      "raw_exit": 0,
      "seconds": 6.995804142206907e-05,
      "detail": {
        "rejected": true,
        "reason": "unresolved token or declaration"
      }
    },
    {
      "name": "reject-external-url",
      "status": "PASS",
      "raw_exit": 0,
      "seconds": 0.008694084011949599,
      "detail": {
        "rejected": true,
        "reason": "external SVG resource"
      }
    },
    {
      "name": "reject-script-element",
      "status": "PASS",
      "raw_exit": 0,
      "seconds": 0.005433041951619089,
      "detail": {
        "rejected": true,
        "reason": "unsafe SVG element: script"
      }
    },
    {
      "name": "reject-event-handler",
      "status": "PASS",
      "raw_exit": 0,
      "seconds": 0.00034683302510529757,
      "detail": {
        "rejected": true,
        "reason": "unsafe SVG attribute"
      }
    },
    {
      "name": "reject-traversal-id",
      "status": "PASS",
      "raw_exit": 0,
      "seconds": 0.000252624973654747,
      "detail": {
        "rejected": true,
        "reason": "unsafe ID"
      }
    },
    {
      "name": "reject-unregistered-source",
      "status": "PASS",
      "raw_exit": 0,
      "seconds": 0.0007570419693365693,
      "detail": {
        "rejected": true,
        "reason": "source/catalog set mismatch"
      }
    },
    {
      "name": "final-fixture-verification",
      "status": "PASS",
      "raw_exit": 0,
      "seconds": 1.0762972079683095,
      "detail": "PASS"
    },
    {
      "name": "add-one-study-keeps-existing-144-outputs-untouched",
      "status": "PASS",
      "raw_exit": 0,
      "seconds": 2.042721249978058,
      "detail": {
        "new_outputs": 8,
        "untouched_existing_outputs": 144,
        "elapsed_seconds": 7.918563,
        "fixture_only": true,
        "not_authoring_speed": true
      }
    },
    {
      "name": "reject-duplicate-add-without-overwrite",
      "status": "PASS",
      "raw_exit": 0,
      "seconds": 0.000504584051668644,
      "detail": {
        "rejected": true,
        "reason": "ID exists; edit source and build instead"
      }
    },
    {
      "name": "release-gate-rejects-19th-fixture-entry",
      "status": "PASS",
      "raw_exit": 0,
      "seconds": 0.0005857920041307807,
      "detail": {
        "rejected": true,
        "reason": "issue-223 release is exactly original 17 plus fallback-neutral"
      }
    }
  ],
  "count": 19,
  "seconds": 112.70530083298218,
  "scope": "Isolated executable reproduction/incremental/negative tests; not food authoring speed or visual approval."
}
