Linting Swift files in current working directory
Linting 'MealCorrectionsTests.swift' (2/57)
Linting 'WeightImportTests.swift' (3/57)
Linting 'HealthSyncCopyTests.swift' (4/57)
Linting 'MealCaptureTests.swift' (5/57)
Linting 'MealReliabilityTests.swift' (6/57)
Linting 'HealthReliabilityTests.swift' (7/57)
Linting 'JournalFollowUpTests.swift' (8/57)
Linting 'OnboardingTests.swift' (9/57)
Linting 'JournalSemanticsTests.swift' (10/57)
Linting 'GoalsEditorTests.swift' (1/57)
Linting 'LocalStoreTests.swift' (11/57)
Linting 'DashboardMathTests.swift' (12/57)
Linting 'AppearanceThemeTests.swift' (13/57)
Linting 'AddMealReliabilityRegressionTests.swift' (14/57)
Linting 'PreviewData.swift' (15/57)
Linting 'HealthKitWeightImporter.swift' (16/57)
Linting 'SettingsView.swift' (17/57)
Linting 'JournalNavigation.swift' (18/57)
Linting 'MealItemEditSheet.swift' (19/57)
Linting 'MorselAppearance.swift' (20/57)
Linting 'MealCaptureView.swift' (21/57)
Linting 'MorselApp.swift' (22/57)
Linting 'Auth.swift' (23/57)
Linting 'MealCapture.swift' (24/57)
Linting 'MealCorrections.swift' (25/57)
Linting 'JournalUI.swift' (26/57)
Linting 'LocalSyncEngine.swift' (27/57)
Linting 'LocalHealthStore+SQLite.swift' (28/57)
Linting 'TodayLogViews.swift' (29/57)
Linting 'ViewModel.swift' (30/57)
Linting 'HealthLogStores.swift' (31/57)
Linting 'DesignSystem.swift' (32/57)
Linting 'HistoryModels.swift' (33/57)
Linting 'JournalFocus.swift' (34/57)
Linting 'OutboxModels.swift' (35/57)
Linting 'MockRepository.swift' (36/57)
Linting 'LocalSnapshotCache.swift' (37/57)
Linting 'LocalFirstRepository.swift' (38/57)
Linting 'AuthView.swift' (39/57)
Linting 'LocalDataStore+SQLite.swift' (40/57)
Linting 'Onboarding.swift' (41/57)
Linting 'Repository.swift' (42/57)
Linting 'Models.swift' (43/57)
Linting 'LocalDataStore.swift' (44/57)
Linting 'SupabaseMealMutations.swift' (45/57)
Linting 'MealThumbnail.swift' (46/57)
Linting 'MealRepository.swift' (47/57)
Linting 'LocalHealthStore.swift' (48/57)
Linting 'HistoryView.swift' (49/57)
Linting 'ReliabilityServices.swift' (50/57)
Linting 'Views.swift' (51/57)
Linting 'PaperFields.swift' (52/57)
Linting 'HistoryLedgerViews.swift' (53/57)
Linting 'HistoryRepository.swift' (54/57)
Linting 'GoalsEditor.swift' (55/57)
Linting 'WeightTrendView.swift' (56/57)
Linting 'JournalPaperTexture.swift' (57/57)
Done linting! Found 0 violations, 0 serious in 57 files.
SL=0
