BASELINE_RED_PROBE
{"package_check": "PASS", "manifest_files": 1, "raw_files": 2}
{"package_check": "PASS", "manifest_files": 1, "raw_files": 2}
test_empty_browser_rejected (__main__.EvidenceContract.test_empty_browser_rejected) ... FAIL
test_empty_index_rejected (__main__.EvidenceContract.test_empty_index_rejected) ... FAIL
test_empty_rebuild_rejected (__main__.EvidenceContract.test_empty_rebuild_rejected) ... FAIL
test_false_manifest_bytes_rejected (__main__.EvidenceContract.test_false_manifest_bytes_rejected) ... FAIL
test_false_manifest_count_rejected (__main__.EvidenceContract.test_false_manifest_count_rejected) ... FAIL
test_missing_browser_pins_rejected (__main__.EvidenceContract.test_missing_browser_pins_rejected) ... FAIL
test_missing_catalog_additions_rejected (__main__.EvidenceContract.test_missing_catalog_additions_rejected) ... FAIL
test_valid_catalog (__main__.EvidenceContract.test_valid_catalog) ... ok
test_valid_evidence (__main__.EvidenceContract.test_valid_evidence) ... ok
test_wrong_catalog_path_rejected (__main__.EvidenceContract.test_wrong_catalog_path_rejected) ... FAIL

======================================================================
FAIL: test_empty_browser_rejected (__main__.EvidenceContract.test_empty_browser_rejected)
----------------------------------------------------------------------
Traceback (most recent call last):
  File "/Users/jirathip/Projects/design-output/morsel/262-library-expansion/scripts/test_evidence_contract.py", line 83, in test_empty_browser_rejected
    self.reject_evidence(edit,'browser capture')
    ~~~~~~~~~~~~~~~~~~~~^^^^^^^^^^^^^^^^^^^^^^^^
  File "/Users/jirathip/Projects/design-output/morsel/262-library-expansion/scripts/test_evidence_contract.py", line 77, in reject_evidence
    with self.assertRaisesRegex(ValueError,reason):p.package(n,Path('unused-private-fixture'))
         ~~~~~~~~~~~~~~~~~~~~~~^^^^^^^^^^^^^^^^^^^
AssertionError: ValueError not raised

======================================================================
FAIL: test_empty_index_rejected (__main__.EvidenceContract.test_empty_index_rejected)
----------------------------------------------------------------------
Traceback (most recent call last):
  File "/Users/jirathip/Projects/design-output/morsel/262-library-expansion/scripts/test_evidence_contract.py", line 101, in test_empty_index_rejected
    self.reject_evidence(edit,'index capture')
    ~~~~~~~~~~~~~~~~~~~~^^^^^^^^^^^^^^^^^^^^^^
  File "/Users/jirathip/Projects/design-output/morsel/262-library-expansion/scripts/test_evidence_contract.py", line 77, in reject_evidence
    with self.assertRaisesRegex(ValueError,reason):p.package(n,Path('unused-private-fixture'))
         ~~~~~~~~~~~~~~~~~~~~~~^^^^^^^^^^^^^^^^^^^
AssertionError: ValueError not raised

======================================================================
FAIL: test_empty_rebuild_rejected (__main__.EvidenceContract.test_empty_rebuild_rejected)
----------------------------------------------------------------------
Traceback (most recent call last):
  File "/Users/jirathip/Projects/design-output/morsel/262-library-expansion/scripts/test_evidence_contract.py", line 95, in test_empty_rebuild_rejected
    self.reject_evidence(edit,'rebuild count')
    ~~~~~~~~~~~~~~~~~~~~^^^^^^^^^^^^^^^^^^^^^^
  File "/Users/jirathip/Projects/design-output/morsel/262-library-expansion/scripts/test_evidence_contract.py", line 77, in reject_evidence
    with self.assertRaisesRegex(ValueError,reason):p.package(n,Path('unused-private-fixture'))
         ~~~~~~~~~~~~~~~~~~~~~~^^^^^^^^^^^^^^^^^^^
AssertionError: ValueError not raised

======================================================================
FAIL: test_false_manifest_bytes_rejected (__main__.EvidenceContract.test_false_manifest_bytes_rejected)
----------------------------------------------------------------------
Traceback (most recent call last):
  File "/Users/jirathip/Projects/design-output/morsel/262-library-expansion/scripts/test_evidence_contract.py", line 113, in test_false_manifest_bytes_rejected
    def test_false_manifest_bytes_rejected(self):self.manifest('total_bytes_excluding_manifest',0)
                                                 ~~~~~~~~~~~~~^^^^^^^^^^^^^^^^^^^^^^^^^^^^^^^^^^^^
  File "/Users/jirathip/Projects/design-output/morsel/262-library-expansion/scripts/test_evidence_contract.py", line 110, in manifest
    with self.assertRaisesRegex(ValueError,'manifest declared'):p.check_package()
         ~~~~~~~~~~~~~~~~~~~~~~^^^^^^^^^^^^^^^^^^^^^^^^^^^^^^^^
AssertionError: ValueError not raised

======================================================================
FAIL: test_false_manifest_count_rejected (__main__.EvidenceContract.test_false_manifest_count_rejected)
----------------------------------------------------------------------
Traceback (most recent call last):
  File "/Users/jirathip/Projects/design-output/morsel/262-library-expansion/scripts/test_evidence_contract.py", line 112, in test_false_manifest_count_rejected
    def test_false_manifest_count_rejected(self):self.manifest('file_count',0)
                                                 ~~~~~~~~~~~~~^^^^^^^^^^^^^^^^
  File "/Users/jirathip/Projects/design-output/morsel/262-library-expansion/scripts/test_evidence_contract.py", line 110, in manifest
    with self.assertRaisesRegex(ValueError,'manifest declared'):p.check_package()
         ~~~~~~~~~~~~~~~~~~~~~~^^^^^^^^^^^^^^^^^^^^^^^^^^^^^^^^
AssertionError: ValueError not raised

======================================================================
FAIL: test_missing_browser_pins_rejected (__main__.EvidenceContract.test_missing_browser_pins_rejected)
----------------------------------------------------------------------
Traceback (most recent call last):
  File "/Users/jirathip/Projects/design-output/morsel/262-library-expansion/scripts/test_evidence_contract.py", line 89, in test_missing_browser_pins_rejected
    self.reject_evidence(edit,'input pin')
    ~~~~~~~~~~~~~~~~~~~~^^^^^^^^^^^^^^^^^^
  File "/Users/jirathip/Projects/design-output/morsel/262-library-expansion/scripts/test_evidence_contract.py", line 77, in reject_evidence
    with self.assertRaisesRegex(ValueError,reason):p.package(n,Path('unused-private-fixture'))
         ~~~~~~~~~~~~~~~~~~~~~~^^^^^^^^^^^^^^^^^^^
AssertionError: ValueError not raised

======================================================================
FAIL: test_missing_catalog_additions_rejected (__main__.EvidenceContract.test_missing_catalog_additions_rejected)
----------------------------------------------------------------------
Traceback (most recent call last):
  File "/Users/jirathip/Projects/design-output/morsel/262-library-expansion/scripts/test_evidence_contract.py", line 61, in test_missing_catalog_additions_rejected
    with self.assertRaisesRegex(ValueError,'catalog'):p.verify(n,p.DEFAULT_PRODUCT)
         ~~~~~~~~~~~~~~~~~~~~~~^^^^^^^^^^^^^^^^^^^^^^
AssertionError: ValueError not raised

======================================================================
FAIL: test_wrong_catalog_path_rejected (__main__.EvidenceContract.test_wrong_catalog_path_rejected)
----------------------------------------------------------------------
Traceback (most recent call last):
  File "/Users/jirathip/Projects/design-output/morsel/262-library-expansion/scripts/test_evidence_contract.py", line 68, in test_wrong_catalog_path_rejected
    with self.assertRaisesRegex(ValueError,'catalog'):p.verify(n,p.DEFAULT_PRODUCT)
         ~~~~~~~~~~~~~~~~~~~~~~^^^^^^^^^^^^^^^^^^^^^^
AssertionError: ValueError not raised

----------------------------------------------------------------------
Ran 10 tests in 2.383s

FAILED (failures=8)

RAW_EXIT=1
